// Jest Snapshot v1, https://goo.gl/fbAQLP

exports[`index barrel: index-barrel 1`] = `
{
  "Field": [Function],
}
`;
